******************************************************************************
                  TI ARM Linker PC v20.2.7                     
******************************************************************************
>> Linked Mon Dec  9 12:38:13 2024

OUTPUT FILE NAME:   <seriport.out>
ENTRY POINT SYMBOL: "_c_int00_noargs"  address: 00001fa9


MEMORY CONFIGURATION

         name            origin    length      used     unused   attr    fill
----------------------  --------  ---------  --------  --------  ----  --------
  FLASH                 00000000   00040000  000023bb  0003dc45  R  X
  SRAM                  20000000   00008000  000004b0  00007b50  RW X


SEGMENT ALLOCATION MAP

run origin  load origin   length   init length attrs members
----------  ----------- ---------- ----------- ----- -------
00000000    00000000    000023c0   000023c0    r-x
  00000000    00000000    0000026c   0000026c    r-- .intvecs
  0000026c    0000026c    00001ec2   00001ec2    r-x .text
  00002130    00002130    0000024d   0000024d    r-- .const
  00002380    00002380    00000040   00000040    r-- .cinit
20000000    20000000    000004b4   00000000    rw-
  20000000    20000000    0000026c   00000000    rw- .vtable
  20000270    20000270    00000200   00000000    rw- .stack
  20000470    20000470    00000038   00000000    rw- .bss
  200004a8    200004a8    0000000c   00000000    rw- .data


SECTION ALLOCATION MAP

 output                                  attributes/
section   page    origin      length       input sections
--------  ----  ----------  ----------   ----------------
.intvecs   0    00000000    0000026c     
                  00000000    0000026c     tm4c123gh6pm_startup_ccs.obj (.intvecs)

.text      0    0000026c    00001ec2     
                  0000026c    000012ac     main.obj (.text)
                  00001518    00000380     lcd.obj (.text)
                  00001898    0000016c     driverlib.lib : gpio.obj (.text:GPIOPadConfigSet)
                  00001a04    00000118                   : sysctl.obj (.text:SysCtlClockGet)
                  00001b1c    000000f4                   : sysctl.obj (.text:SysCtlClockSet)
                  00001c10    0000009c     rtsv7M4_T_le_v4SPD16_eabi.lib : memcpy_t2.asm.obj (.text)
                  00001cac    0000007a     driverlib.lib : adc.obj (.text:ADCSequenceStepConfigure)
                  00001d26    00000002                   : interrupt.obj (.text:_IntDefaultHandler)
                  00001d28    00000068                   : interrupt.obj (.text:IntDisable)
                  00001d90    00000068                   : interrupt.obj (.text:IntEnable)
                  00001df8    00000068     rtsv7M4_T_le_v4SPD16_eabi.lib : copy_decompress_lzss.c.obj (.text:decompress:lzss:__TI_decompress_lzss)
                  00001e60    0000004e     driverlib.lib : adc.obj (.text:ADCSequenceConfigure)
                  00001eae    00000002     --HOLE-- [fill = 0]
                  00001eb0    0000004c                   : gpio.obj (.text:GPIOPinConfigure)
                  00001efc    00000044     rtsv7M4_T_le_v4SPD16_eabi.lib : autoinit.c.obj (.text:__TI_auto_init_nobinit_nopinit:__TI_auto_init_nobinit_nopinit)
                  00001f40    00000034     driverlib.lib : interrupt.obj (.text:IntRegister)
                  00001f74    00000034                   : sysctl.obj (.text:SysCtlPeripheralEnable)
                  00001fa8    00000034     rtsv7M4_T_le_v4SPD16_eabi.lib : boot_cortex_m.c.obj (.text:_c_int00_noargs:_c_int00_noargs)
                  00001fdc    0000002e     driverlib.lib : adc.obj (.text:ADCIntStatus)
                  0000200a    0000002c                   : gpio.obj (.text:GPIODirModeSet)
                  00002036    0000001e                   : adc.obj (.text:ADCSequenceDataGet)
                  00002054    0000001c     rtsv7M4_T_le_v4SPD16_eabi.lib : copy_zero_init.c.obj (.text:decompress:ZI:__TI_zero_init_nomemset:__TI_zero_init_nomemset)
                  00002070    0000001a     driverlib.lib : gpio.obj (.text:GPIOPinTypeGPIOOutput)
                  0000208a    00000018                   : adc.obj (.text:ADCProcessorTrigger)
                  000020a2    00000016                   : gpio.obj (.text:GPIOPinTypeUART)
                  000020b8    00000014                   : interrupt.obj (.text:IntUnregister)
                  000020cc    00000010                   : interrupt.obj (.text:IntMasterEnable)
                  000020dc    0000000e                   : adc.obj (.text:ADCSequenceEnable)
                  000020ea    0000000e     rtsv7M4_T_le_v4SPD16_eabi.lib : copy_decompress_none.c.obj (.text:decompress:none:__TI_decompress_none)
                  000020f8    0000000c     driverlib.lib : cpu.obj (.text:CPUcpsie)
                  00002104    0000000c     tm4c123gh6pm_startup_ccs.obj (.text)
                  00002110    0000000a     driverlib.lib : adc.obj (.text:ADCIntClear)
                  0000211a    00000006                   : gpio.obj (.text:GPIOPinWrite)
                  00002120    00000006                   : sysctl.obj (.text:SysCtlDelay)
                  00002126    00000004     rtsv7M4_T_le_v4SPD16_eabi.lib : pre_init.c.obj (.text:_system_pre_init)
                  0000212a    00000004                                   : exit.c.obj (.text:abort:abort)

.const     0    00002130    0000024d     
                  00002130    00000090     driverlib.lib : gpio.obj (.const:g_pui32GPIOBaseAddrs)
                  000021c0    0000006c                   : sysctl.obj (.const:g_pui32Xtals)
                  0000222c    00000060     main.obj (.const:g_ppui32TimerIntMap)
                  0000228c    00000040     main.obj (.const:g_ppui32TimerIntMapSnowflake)
                  000022cc    00000040     main.obj (.const:g_ppui32UARTIntMap)
                  0000230c    00000040     main.obj (.const:g_ppui32UARTIntMapSnowflake)
                  0000234c    00000014     driverlib.lib : interrupt.obj (.const:g_pui32Dii16Regs)
                  00002360    00000014                   : interrupt.obj (.const:g_pui32EnRegs)
                  00002374    00000009     main.obj (.const:.string:$P$T0$1)

.cinit     0    00002380    00000040     
                  00002380    0000000c     (__TI_handler_table)
                  0000238c    00000004     --HOLE-- [fill = 0]
                  00002390    00000008     (.cinit..bss.load) [load image, compression = zero_init]
                  00002398    00000008     (.cinit..vtable.load) [load image, compression = zero_init]
                  000023a0    00000007     (.cinit..data.load) [load image, compression = lzss]
                  000023a7    00000001     --HOLE-- [fill = 0]
                  000023a8    00000018     (__TI_cinit_table)

.init_array 
*          0    00000000    00000000     UNINITIALIZED

.vtable    0    20000000    0000026c     UNINITIALIZED
                  20000000    0000026c     driverlib.lib : interrupt.obj (.vtable)

.bss       0    20000470    00000038     UNINITIALIZED
                  20000470    00000014     (.common:receivedText)
                  20000484    00000008     (.common:receivedClock)
                  2000048c    00000004     (.common:dakika_birler)
                  20000490    00000004     (.common:dakika_onlar)
                  20000494    00000004     (.common:saat_birler)
                  20000498    00000004     (.common:saat_onlar)
                  2000049c    00000004     (.common:saniye_birler)
                  200004a0    00000004     (.common:saniye_onlar)
                  200004a4    00000004     (.common:temp)

.data      0    200004a8    0000000c     UNINITIALIZED
                  200004a8    0000000c     main.obj (.data)

.stack     0    20000270    00000200     UNINITIALIZED
                  20000270    00000004     rtsv7M4_T_le_v4SPD16_eabi.lib : boot_cortex_m.c.obj (.stack)
                  20000274    000001fc     --HOLE--

__llvm_prf_cnts 
*          0    20000000    00000000     UNINITIALIZED

MODULE SUMMARY

       Module                         code   ro data   rw data
       ------                         ----   -------   -------
    .\
       main.obj                       4780   297       68     
       lcd.obj                        896    0         0      
       tm4c123gh6pm_startup_ccs.obj   12     620       0      
    +--+------------------------------+------+---------+---------+
       Total:                         5688   917       68     
                                                              
    C:/ti/TivaWare_C_Series-2.2.0.295/driverlib/ccs/Debug/driverlib.lib
       interrupt.obj                  298    40        620    
       sysctl.obj                     582    108       0      
       gpio.obj                       538    144       0      
       adc.obj                        324    0         0      
       cpu.obj                        12     0         0      
    +--+------------------------------+------+---------+---------+
       Total:                         1754   292       620    
                                                              
    C:\ti\ccs1281\ccs\tools\compiler\ti-cgt-arm_20.2.7.LTS\lib\rtsv7M4_T_le_v4SPD16_eabi.lib
       memcpy_t2.asm.obj              156    0         0      
       copy_decompress_lzss.c.obj     104    0         0      
       autoinit.c.obj                 68     0         0      
       boot_cortex_m.c.obj            52     0         0      
       copy_zero_init.c.obj           28     0         0      
       copy_decompress_none.c.obj     14     0         0      
       exit.c.obj                     4      0         0      
       pre_init.c.obj                 4      0         0      
    +--+------------------------------+------+---------+---------+
       Total:                         430    0         0      
                                                              
       Stack:                         0      0         512    
       Linker Generated:              0      59        0      
    +--+------------------------------+------+---------+---------+
       Grand Total:                   7872   1268      1200   


LINKER GENERATED COPY TABLES

__TI_cinit_table @ 000023a8 records: 3, size/record: 8, table size: 24
	.bss: load addr=00002390, load size=00000008 bytes, run addr=20000470, run size=00000038 bytes, compression=zero_init
	.vtable: load addr=00002398, load size=00000008 bytes, run addr=20000000, run size=0000026c bytes, compression=zero_init
	.data: load addr=000023a0, load size=00000007 bytes, run addr=200004a8, run size=0000000c bytes, compression=lzss


LINKER GENERATED HANDLER TABLE

__TI_handler_table @ 00002380 records: 3, size/record: 4, table size: 12
	index: 0, handler: __TI_zero_init
	index: 1, handler: __TI_decompress_lzss
	index: 2, handler: __TI_decompress_none


GLOBAL SYMBOLS: SORTED ALPHABETICALLY BY Name 

address   name                          
-------   ----                          
00002111  ADCIntClear                   
00001fdd  ADCIntStatus                  
0000208b  ADCProcessorTrigger           
00001e61  ADCSequenceConfigure          
00002037  ADCSequenceDataGet            
000020dd  ADCSequenceEnable             
00001cad  ADCSequenceStepConfigure      
000012b1  ADC_init                      
00001325  ADCdegerg_u00f6nder           
0000212b  C$$EXIT                       
000020f9  CPUcpsie                      
0000200b  GPIODirModeSet                
00001899  GPIOPadConfigSet              
00001eb1  GPIOPinConfigure              
00002071  GPIOPinTypeGPIOOutput         
000020a3  GPIOPinTypeUART               
0000211b  GPIOPinWrite                  
00001d29  IntDisable                    
00001d91  IntEnable                     
000020cd  IntMasterEnable               
00001f41  IntRegister                   
000020b9  IntUnregister                 
00001723  LCD_Cursor                    
00001785  LCD_Fonksiyon                 
0000169b  LCD_Karakter                  
00001613  LCD_Komut                     
0000176d  LCD_Temizle                   
00001519  LCD_init                      
000014d7  Lcdmetinyaz                   
00002105  ResetISR                      
00001a05  SysCtlClockGet                
00001b1d  SysCtlClockSet                
00002121  SysCtlDelay                   
00001f75  SysCtlPeripheralEnable        
00000e59  TimerADCEventGet              
00000e47  TimerADCEventSet              
00000b7d  TimerClockSourceGet           
00000b59  TimerClockSourceSet           
00000949  TimerConfigure                
00000a69  TimerControlEvent             
000009c5  TimerControlLevel             
00000a93  TimerControlStall             
000009fb  TimerControlTrigger           
00000ac9  TimerControlWaitOnTrigger     
00000e79  TimerDMAEventGet              
00000e67  TimerDMAEventSet              
0000092b  TimerDisable                  
0000090d  TimerEnable                   
00000e23  TimerIntClear                 
00000ded  TimerIntDisable               
00000dd5  TimerIntEnable                
00000d8f  TimerIntRegister              
00000e05  TimerIntStatus                
00000db7  TimerIntUnregister            
00000c47  TimerLoadGet                  
00000c7d  TimerLoadGet64                
00000c1d  TimerLoadSet                  
00000c63  TimerLoadSet64                
00000d27  TimerMatchGet                 
00000d5d  TimerMatchGet64               
00000cfd  TimerMatchSet                 
00000d43  TimerMatchSet64               
00000bb7  TimerPrescaleGet              
00000c01  TimerPrescaleMatchGet         
00000bd3  TimerPrescaleMatchSet         
00000b8d  TimerPrescaleSet              
00000b3f  TimerRTCDisable               
00000b29  TimerRTCEnable                
00000e35  TimerSynchronize              
00000e87  TimerUpdateMode               
00000caf  TimerValueGet                 
00000ccb  TimerValueGet64               
0000083d  UART9BitAddrSend              
00000817  UART9BitAddrSet               
00000801  UART9BitDisable               
000007eb  UART9BitEnable                
0000068f  UARTBreakCtl                  
000006b9  UARTBusy                      
00000637  UARTCharGet                   
0000061b  UARTCharGetNonBlocking        
00000671  UARTCharPut                   
0000064d  UARTCharPutNonBlocking        
000005df  UARTCharsAvail                
000007db  UARTClockSourceGet            
000007c7  UARTClockSourceSet            
000003af  UARTConfigGetExpClk           
00000339  UARTConfigSetExpClk           
0000078d  UARTDMADisable                
00000775  UARTDMAEnable                 
0000041f  UARTDisable                   
000004a3  UARTDisableSIR                
000003fb  UARTEnable                    
00000475  UARTEnableSIR                 
0000045f  UARTFIFODisable               
00000449  UARTFIFOEnable                
00000311  UARTFIFOLevelGet              
000002f9  UARTFIFOLevelSet              
0000059f  UARTFlowControlGet            
00000583  UARTFlowControlSet            
00000763  UARTIntClear                  
0000072d  UARTIntDisable                
00000715  UARTIntEnable                 
000006d7  UARTIntRegister               
00000745  UARTIntStatus                 
000006f5  UARTIntUnregister             
00000885  UARTLoopbackEnable            
00000539  UARTModemControlClear         
0000055d  UARTModemControlGet           
00000501  UARTModemControlSet           
0000056f  UARTModemStatusGet            
000002e7  UARTParityModeGet             
000002cb  UARTParityModeSet             
000007b7  UARTRxErrorClear              
000007a5  UARTRxErrorGet                
000004eb  UARTSmartCardDisable          
000004b9  UARTSmartCardEnable           
000005fd  UARTSpaceAvail                
000005cd  UARTTxIntModeGet              
000005b1  UARTTxIntModeSet              
20000470  __STACK_END                   
00000200  __STACK_SIZE                  
20000470  __STACK_TOP                   
000023a8  __TI_CINIT_Base               
000023c0  __TI_CINIT_Limit              
00002380  __TI_Handler_Table_Base       
0000238c  __TI_Handler_Table_Limit      
00001efd  __TI_auto_init_nobinit_nopinit
00001df9  __TI_decompress_lzss          
000020eb  __TI_decompress_none          
ffffffff  __TI_pprof_out_hndl           
ffffffff  __TI_prof_data_size           
ffffffff  __TI_prof_data_start          
00000000  __TI_static_base__            
00002055  __TI_zero_init_nomemset       
00001c11  __aeabi_memcpy                
00001c11  __aeabi_memcpy4               
00001c11  __aeabi_memcpy8               
ffffffff  __binit__                     
ffffffff  __c_args__                    
UNDEFED   __mpu_init                    
20000270  __stack                       
20000000  __start___llvm_prf_cnts       
20000000  __stop___llvm_prf_cnts        
00001fa9  _c_int00_noargs               
UNDEFED   _system_post_cinit            
00002127  _system_pre_init              
0000212b  abort                         
ffffffff  binit                         
2000048c  dakika_birler                 
20000490  dakika_onlar                  
00000f25  diger_ayar                    
20000000  g_pfnRAMVectors               
00000000  g_pfnVectors                  
00000edb  main                          
00001c11  memcpy                        
200004b0  metingeldimi                  
200004ac  receivedChar                  
20000484  receivedClock                 
200004a8  receivedData                  
20000470  receivedText                  
20000494  saat_birler                   
20000498  saat_onlar                    
2000049c  saniye_birler                 
200004a0  saniye_onlar                  
00000f81  serikesme                     
200004a4  temp                          
000010e5  timer0Int                     
00000f47  uart_ayari                    


GLOBAL SYMBOLS: SORTED BY Symbol Address 

address   name                          
-------   ----                          
00000000  __TI_static_base__            
00000000  g_pfnVectors                  
00000200  __STACK_SIZE                  
000002cb  UARTParityModeSet             
000002e7  UARTParityModeGet             
000002f9  UARTFIFOLevelSet              
00000311  UARTFIFOLevelGet              
00000339  UARTConfigSetExpClk           
000003af  UARTConfigGetExpClk           
000003fb  UARTEnable                    
0000041f  UARTDisable                   
00000449  UARTFIFOEnable                
0000045f  UARTFIFODisable               
00000475  UARTEnableSIR                 
000004a3  UARTDisableSIR                
000004b9  UARTSmartCardEnable           
000004eb  UARTSmartCardDisable          
00000501  UARTModemControlSet           
00000539  UARTModemControlClear         
0000055d  UARTModemControlGet           
0000056f  UARTModemStatusGet            
00000583  UARTFlowControlSet            
0000059f  UARTFlowControlGet            
000005b1  UARTTxIntModeSet              
000005cd  UARTTxIntModeGet              
000005df  UARTCharsAvail                
000005fd  UARTSpaceAvail                
0000061b  UARTCharGetNonBlocking        
00000637  UARTCharGet                   
0000064d  UARTCharPutNonBlocking        
00000671  UARTCharPut                   
0000068f  UARTBreakCtl                  
000006b9  UARTBusy                      
000006d7  UARTIntRegister               
000006f5  UARTIntUnregister             
00000715  UARTIntEnable                 
0000072d  UARTIntDisable                
00000745  UARTIntStatus                 
00000763  UARTIntClear                  
00000775  UARTDMAEnable                 
0000078d  UARTDMADisable                
000007a5  UARTRxErrorGet                
000007b7  UARTRxErrorClear              
000007c7  UARTClockSourceSet            
000007db  UARTClockSourceGet            
000007eb  UART9BitEnable                
00000801  UART9BitDisable               
00000817  UART9BitAddrSet               
0000083d  UART9BitAddrSend              
00000885  UARTLoopbackEnable            
0000090d  TimerEnable                   
0000092b  TimerDisable                  
00000949  TimerConfigure                
000009c5  TimerControlLevel             
000009fb  TimerControlTrigger           
00000a69  TimerControlEvent             
00000a93  TimerControlStall             
00000ac9  TimerControlWaitOnTrigger     
00000b29  TimerRTCEnable                
00000b3f  TimerRTCDisable               
00000b59  TimerClockSourceSet           
00000b7d  TimerClockSourceGet           
00000b8d  TimerPrescaleSet              
00000bb7  TimerPrescaleGet              
00000bd3  TimerPrescaleMatchSet         
00000c01  TimerPrescaleMatchGet         
00000c1d  TimerLoadSet                  
00000c47  TimerLoadGet                  
00000c63  TimerLoadSet64                
00000c7d  TimerLoadGet64                
00000caf  TimerValueGet                 
00000ccb  TimerValueGet64               
00000cfd  TimerMatchSet                 
00000d27  TimerMatchGet                 
00000d43  TimerMatchSet64               
00000d5d  TimerMatchGet64               
00000d8f  TimerIntRegister              
00000db7  TimerIntUnregister            
00000dd5  TimerIntEnable                
00000ded  TimerIntDisable               
00000e05  TimerIntStatus                
00000e23  TimerIntClear                 
00000e35  TimerSynchronize              
00000e47  TimerADCEventSet              
00000e59  TimerADCEventGet              
00000e67  TimerDMAEventSet              
00000e79  TimerDMAEventGet              
00000e87  TimerUpdateMode               
00000edb  main                          
00000f25  diger_ayar                    
00000f47  uart_ayari                    
00000f81  serikesme                     
000010e5  timer0Int                     
000012b1  ADC_init                      
00001325  ADCdegerg_u00f6nder           
000014d7  Lcdmetinyaz                   
00001519  LCD_init                      
00001613  LCD_Komut                     
0000169b  LCD_Karakter                  
00001723  LCD_Cursor                    
0000176d  LCD_Temizle                   
00001785  LCD_Fonksiyon                 
00001899  GPIOPadConfigSet              
00001a05  SysCtlClockGet                
00001b1d  SysCtlClockSet                
00001c11  __aeabi_memcpy                
00001c11  __aeabi_memcpy4               
00001c11  __aeabi_memcpy8               
00001c11  memcpy                        
00001cad  ADCSequenceStepConfigure      
00001d29  IntDisable                    
00001d91  IntEnable                     
00001df9  __TI_decompress_lzss          
00001e61  ADCSequenceConfigure          
00001eb1  GPIOPinConfigure              
00001efd  __TI_auto_init_nobinit_nopinit
00001f41  IntRegister                   
00001f75  SysCtlPeripheralEnable        
00001fa9  _c_int00_noargs               
00001fdd  ADCIntStatus                  
0000200b  GPIODirModeSet                
00002037  ADCSequenceDataGet            
00002055  __TI_zero_init_nomemset       
00002071  GPIOPinTypeGPIOOutput         
0000208b  ADCProcessorTrigger           
000020a3  GPIOPinTypeUART               
000020b9  IntUnregister                 
000020cd  IntMasterEnable               
000020dd  ADCSequenceEnable             
000020eb  __TI_decompress_none          
000020f9  CPUcpsie                      
00002105  ResetISR                      
00002111  ADCIntClear                   
0000211b  GPIOPinWrite                  
00002121  SysCtlDelay                   
00002127  _system_pre_init              
0000212b  C$$EXIT                       
0000212b  abort                         
00002380  __TI_Handler_Table_Base       
0000238c  __TI_Handler_Table_Limit      
000023a8  __TI_CINIT_Base               
000023c0  __TI_CINIT_Limit              
20000000  __start___llvm_prf_cnts       
20000000  __stop___llvm_prf_cnts        
20000000  g_pfnRAMVectors               
20000270  __stack                       
20000470  __STACK_END                   
20000470  __STACK_TOP                   
20000470  receivedText                  
20000484  receivedClock                 
2000048c  dakika_birler                 
20000490  dakika_onlar                  
20000494  saat_birler                   
20000498  saat_onlar                    
2000049c  saniye_birler                 
200004a0  saniye_onlar                  
200004a4  temp                          
200004a8  receivedData                  
200004ac  receivedChar                  
200004b0  metingeldimi                  
ffffffff  __TI_pprof_out_hndl           
ffffffff  __TI_prof_data_size           
ffffffff  __TI_prof_data_start          
ffffffff  __binit__                     
ffffffff  __c_args__                    
ffffffff  binit                         
UNDEFED   __mpu_init                    
UNDEFED   _system_post_cinit            

[168 symbols]
